>2160771 Pseudo-nitzschia multiseries utax: k__super__Eukaryota_2759(100.0),p__Bacillariophyta_2836(100.0),c__Bacillariophyceae_33849(100.0),o__Bacillariales_33851(98.6),f__Bacillariaceae_33852(98.6),g__Pseudo-nitzschia_41953(88.7),s__Pseudo-nitzschia multiseries_37319(85.6)
TGCTGGCTGCTGGTTGTTTTGGCTTTGACTGGCACTATTGCCTGTCTCTGCTTAAGTTCT
ACTGTATAGTACGTGCATAGACGTGGAAGGCTTGACCTGTCTAGTTAAAGACGGCGTTGA
CACTCTTGTCTATCTCTGGTAGATTGTACTTTTAGTATGAAATATCTGGAGTTTACTATG
AGTTTGTTTTCAGCTGTTTTGAAACTGATGGAACGAGCACTTCTATGCCTAACAAACTGT
TTACAGTCTGTTATACATTT
>2160772 Pseudo-nitzschia multiseries utax: n.d.
TGCTGGCTGCTGGTTGTTTTGGCTTTGACTGGCACTATTGCCTGTCTCTGCTTAAGTTCT
ACTGTATAGTACGTGCATAGACGTGGAAGGCTTGACCTGTCTAGTTAAAGACGGCGTTGA
CACTCTTGTCTATCTCTGGTAGATTGTACTTTTAGTATGAAATATCTGGAGTTTACTATG
AGTTTGTTTTCAGCTGTTTTGAAACTGATGGAACGAGCACTTCTATGCCTAACAAACTGT
TTACAGTCTGTTATACATTT
>2160774 Pseudo-nitzschia pungens utax: k__super__Eukaryota_2759(100.0),p__Bacillariophyta_2836(100.0),c__Bacillariophyceae_33849(100.0),o__Bacillariales_33851(100.0),f__Bacillariaceae_33852(100.0),g__Pseudo-nitzschia_41953(93.7),s__Pseudo-nitzschia pungens_37318(87.5)
CCCACTCAGCGCTGGCTTCGTGCTGGCTGCTGGTCTTTTGGCCGTGACTGAACTTGTTTA
GTCTCGGCTTAAGTTTTACGTCAAGTACGTGCATAGATCTAGAAAGCTCTGCCCGTCTAG
TTTAAAACACGGCGCTGACACTCTTGTCTATCTCTGGTAGGTTTATTCAACTGGAGTTTA
CTAGGAGTCGTCTGTAGCTGTTTTGAAACTACTGGAACGAGCGGTTTTAGATCTAACCAG
CTGGAAACAGTTCGTTATACAATTCCGGA
>2160775 Pseudo-nitzschia pungens utax: k__super__Eukaryota_2759(100.0),p__Bacillariophyta_2836(100.0),c__Bacillariophyceae_33849(100.0),o__Bacillariales_33851(100.0),f__Bacillariaceae_33852(100.0),g__Pseudo-nitzschia_41953(93.6),s__Pseudo-nitzschia pungens_37318(87.3)
CCCACTCAGCGCTGGCTTCGTGCTGGCTGCTGGTCTTTTGGCCGTGACTGAACTTGTTTA
GTCTCGGCTTAAGTTTTACGTCAAGTACGTGCATAGATCTAGAAAGCTCTGCCCGTCTAG
TTTAAAACACGGCGCTGACACTCTTGTCTATCTCTGGTAGGTTTATTCAACTGGAGTTTA
CTAGGAGTCGTCTGTAGCTGTTTTGAAACTACTGGAACGAGCGGTTTTAGATCTAACCAG
CTGGAAACAGTTCGTTATACAATT
>2160777 Pseudo-nitzschia australis utax: k__super__Eukaryota_2759(100.0),p__Bacillariophyta_2836(100.0),c__Bacillariophyceae_33849(100.0),o__Bacillariales_33851(100.0),f__Bacillariaceae_33852(100.0),g__Pseudo-nitzschia_41953(87.1),s__Pseudo-nitzschia australis_44445(50.0)
CCCACTCAGCGCTGGTTTAGGCCAGTCGCTGGTTGTTTTGGCCTTGACAGCTACTAGTAG
CTGTCTCTGCTTAAGTTCTACGGTATCGTACGTGCATAGATTTAGAGACCTCAACCTGTC
TTGTCAAGACGGCGTTGACATTCTTGTCTATCTCTGGTAGCTTGTATTCATTACAAATAT
CTGGAGTTTGTTAAGATTGTCATGTTCAGCTGTTTGAAACTTTTCGATTGAGCGTCACTA
GATCTAGCTAGCTATACTTTCTAGTACTAGCTAGCTATCCAATTCCGGA
