2160771	k__super__Eukaryota_2759(100.0),p__Bacillariophyta_2836(100.0),c__Bacillariophyceae_33849(100.0),o__Bacillariales_33851(98.6),f__Bacillariaceae_33852(98.6),g__Pseudo-nitzschia_41953(88.7),s__Pseudo-nitzschia multiseries_37319(85.6)	+
2160771	k__super__Eukaryota_2759(100.0),p__Bacillariophyta_2836(100.0),c__Bacillariophyceae_33849(100.0),o__Bacillariales_33851(98.6),f__Bacillariaceae_33852(98.6),g__Pseudo-nitzschia_41953(88.7),s__Pseudo-nitzschia multiseries_37319(85.6)	+
